[    0.000000] Initializing cgroup subsys cpuset
[    0.000000] Initializing cgroup subsys cpu
[    0.000000] Initializing cgroup subsys cpuacct
[    0.000000] Linux version 4.4.0-206-generic (buildd@lgw01-amd64-039) (gcc version 5.4.0 20160609 (Ubuntu 5.4.0-6ubuntu1~16.04.12) ) #238-Ubuntu SMP Tue Mar 16 07:52:37 UTC 2021 (Ubuntu 4.4.0-206.238-generic 4.4.254)
[    0.000000] Command line: BOOT_IMAGE=/boot/vmlinuz-4.4.0-206-generic root=LABEL=cloudimg-rootfs ro console=tty1 console=ttyS0
[    0.000000] KERNEL supported cpus:
[    0.000000]   Intel GenuineIntel
[    0.000000]   AMD AuthenticAMD
[    0.000000]   Centaur CentaurHauls
[    0.000000] x86/fpu: xstate_offset[2]:  576, xstate_sizes[2]:  256
[    0.000000] x86/fpu: Supporting XSAVE feature 0x01: 'x87 floating point registers'
[    0.000000] x86/fpu: Supporting XSAVE feature 0x02: 'SSE registers'
[    0.000000] x86/fpu: Supporting XSAVE feature 0x04: 'AVX registers'
[    0.000000] x86/fpu: Enabled xstate features 0x7, context size is 832 bytes, using 'standard' format.
[    0.000000] e820: BIOS-provided physical RAM map:
[    0.000000] BIOS-e820: [mem 0x0000000000000000-0x000000000009fbff] usable
[    0.000000] BIOS-e820: [mem 0x000000000009fc00-0x000000000009ffff] reserved
[    0.000000] BIOS-e820: [mem 0x00000000000f0000-0x00000000000fffff] reserved
[    0.000000] BIOS-e820: [mem 0x0000000000100000-0x000000003ffeffff] usable
[    0.000000] BIOS-e820: [mem 0x000000003fff0000-0x000000003fffffff] ACPI data
[    0.000000] BIOS-e820: [mem 0x00000000fec00000-0x00000000fec00fff] reserved
[    0.000000] BIOS-e820: [mem 0x00000000fee00000-0x00000000fee00fff] reserved
[    0.000000] BIOS-e820: [mem 0x00000000fffc0000-0x00000000ffffffff] reserved
[    0.000000] NX (Execute Disable) protection: active
[    0.000000] SMBIOS 2.5 present.
[    0.000000] Hypervisor detected: KVM
[    0.000000] e820: last_pfn = 0x3fff0 max_arch_pfn = 0x400000000
[    0.000000] MTRR: Disabled
[    0.000000] x86/PAT: MTRRs disabled, skipping PAT initialization too.
[    0.000000] CPU MTRRs all blank - virtualized system.
[    0.000000] x86/PAT: Configuration [0-7]: WB  WT  UC- UC  WB  WT  UC- UC  
[    0.000000] found SMP MP-table at [mem 0x0009fff0-0x0009ffff] mapped at [ffff88000009fff0]
[    0.000000] Scanning 1 areas for low memory corruption
[    0.000000] RAMDISK: [mem 0x362de000-0x37166fff]
[    0.000000] ACPI: Early table checksum verification disabled
[    0.000000] ACPI: RSDP 0x00000000000E0000 000024 (v02 VBOX  )
[    0.000000] ACPI: XSDT 0x000000003FFF0030 00003C (v01 VBOX   VBOXXSDT 00000001 ASL  00000061)
[    0.000000] ACPI: FACP 0x000000003FFF00F0 0000F4 (v04 VBOX   VBOXFACP 00000001 ASL  00000061)
[    0.000000] ACPI: DSDT 0x000000003FFF0470 002325 (v02 VBOX   VBOXBIOS 00000002 INTL 20120111)
[    0.000000] ACPI: FACS 0x000000003FFF0200 000040
[    0.000000] ACPI: FACS 0x000000003FFF0200 000040
[    0.000000] ACPI: APIC 0x000000003FFF0240 00005C (v02 VBOX   VBOXAPIC 00000001 ASL  00000061)
[    0.000000] ACPI: SSDT 0x000000003FFF02A0 0001CC (v01 VBOX   VBOXCPUT 00000002 INTL 20120111)
[    0.000000] No NUMA configuration found
[    0.000000] Faking a node at [mem 0x0000000000000000-0x000000003ffeffff]
[    0.000000] NODE_DATA(0) allocated [mem 0x3ffeb000-0x3ffeffff]
[    0.000000] kvm-clock: Using msrs 4b564d01 and 4b564d00
[    0.000000] kvm-clock: cpu 0, msr 0:3ffe3001, primary cpu clock
[    0.000000] kvm-clock: using sched offset of 5777840015 cycles
[    0.000000] clocksource: kvm-clock: mask: 0xffffffffffffffff max_cycles: 0x1cd42e4dffb, max_idle_ns: 881590591483 ns
[    0.000000] Zone ranges:
[    0.000000]   DMA      [mem 0x0000000000001000-0x0000000000ffffff]
[    0.000000]   DMA32    [mem 0x0000000001000000-0x000000003ffeffff]
[    0.000000]   Normal   empty
[    0.000000]   Device   empty
[    0.000000] Movable zone start for each node
[    0.000000] Early memory node ranges
[    0.000000]   node   0: [mem 0x0000000000001000-0x000000000009efff]
[    0.000000]   node   0: [mem 0x0000000000100000-0x000000003ffeffff]
[    0.000000] Initmem setup node 0 [mem 0x0000000000001000-0x000000003ffeffff]
[    0.000000] ACPI: PM-Timer IO Port: 0x4008
[    0.000000] IOAPIC[0]: apic_id 2, version 32, address 0xfec00000, GSI 0-23
[    0.000000] ACPI: INT_SRC_OVR (bus 0 bus_irq 0 global_irq 2 dfl dfl)
[    0.000000] ACPI: INT_SRC_OVR (bus 0 bus_irq 9 global_irq 9 low level)
[    0.000000] Using ACPI (MADT) for SMP configuration information
[    0.000000] smpboot: Allowing 2 CPUs, 0 hotplug CPUs
[    0.000000] PM: Registered nosave memory: [mem 0x00000000-0x00000fff]
[    0.000000] PM: Registered nosave memory: [mem 0x0009f000-0x0009ffff]
[    0.000000] PM: Registered nosave memory: [mem 0x000a0000-0x000effff]
[    0.000000] PM: Registered nosave memory: [mem 0x000f0000-0x000fffff]
[    0.000000] e820: [mem 0x40000000-0xfebfffff] available for PCI devices
[    0.000000] Booting paravirtualized kernel on KVM
[    0.000000] clocksource: refined-jiffies: mask: 0xffffffff max_cycles: 0xffffffff, max_idle_ns: 7645519600211568 ns
[    0.000000] setup_percpu: NR_CPUS:512 nr_cpumask_bits:512 nr_cpu_ids:2 nr_node_ids:1
[    0.000000] PERCPU: Embedded 33 pages/cpu @ffff88003fc00000 s95640 r8192 d31336 u1048576
[    0.000000] Built 1 zonelists in Node order, mobility grouping on.  Total pages: 257912
[    0.000000] Policy zone: DMA32
[    0.000000] Kernel command line: BOOT_IMAGE=/boot/vmlinuz-4.4.0-206-generic root=LABEL=cloudimg-rootfs ro console=tty1 console=ttyS0
[    0.000000] PID hash table entries: 4096 (order: 3, 32768 bytes)
[    0.000000] Memory: 997656K/1048120K available (8641K kernel code, 1337K rwdata, 4044K rodata, 1496K init, 1296K bss, 50464K reserved, 0K cma-reserved)
[    0.000000] SLUB: HWalign=64, Order=0-3, MinObjects=0, CPUs=2, Nodes=1
[    0.000000] Kernel/User page tables isolation: enabled
[    0.000000] Hierarchical RCU implementation.
[    0.000000] 	Build-time adjustment of leaf fanout to 64.
[    0.000000] 	RCU restricting CPUs from NR_CPUS=512 to nr_cpu_ids=2.
[    0.000000] RCU: Adjusting geometry for rcu_fanout_leaf=64, nr_cpu_ids=2
[    0.000000] NR_IRQS:33024 nr_irqs:440 16
[    0.000000] Console: colour VGA+ 80x25
[    0.000000] console [tty1] enabled
[    0.000000] console [ttyS0] enabled
[    0.000000] tsc: Detected 2303.998 MHz processor
[    0.159132] Calibrating delay loop (skipped) preset value.. 4607.99 BogoMIPS (lpj=9215992)
[    0.161051] pid_max: default: 32768 minimum: 301
[    0.162102] ACPI: Core revision 20150930
[    0.163765] ACPI: 2 ACPI AML tables successfully acquired and loaded
[    0.165219] Security Framework initialized
[    0.166150] Yama: becoming mindful.
[    0.167124] AppArmor: AppArmor initialized
[    0.168205] Dentry cache hash table entries: 131072 (order: 8, 1048576 bytes)
[    0.171240] Inode-cache hash table entries: 65536 (order: 7, 524288 bytes)
[    0.172770] Mount-cache hash table entries: 2048 (order: 2, 16384 bytes)
[    0.174302] Mountpoint-cache hash table entries: 2048 (order: 2, 16384 bytes)
[    0.175995] Initializing cgroup subsys io
[    0.176932] Initializing cgroup subsys memory
[    0.177925] Initializing cgroup subsys devices
[    0.178999] Initializing cgroup subsys freezer
[    0.180106] Initializing cgroup subsys net_cls
[    0.181108] Initializing cgroup subsys perf_event
[    0.182158] Initializing cgroup subsys net_prio
[    0.183410] Initializing cgroup subsys hugetlb
[    0.184488] Initializing cgroup subsys pids
[    0.213929] mce: CPU supports 0 MCE banks
[    0.215785] Last level iTLB entries: 4KB 0, 2MB 0, 4MB 0
[    0.217827] Last level dTLB entries: 4KB 0, 2MB 0, 4MB 0, 1GB 0
[    0.219144] Spectre V1 : Mitigation: usercopy/swapgs barriers and __user pointer sanitization
[    0.221105] Spectre V2 : Mitigation: Full generic retpoline
[    0.223129] Spectre V2 : Spectre v2 / SpectreRSB mitigation: Filling RSB on context switch
[    0.225000] Speculative Store Bypass: Vulnerable
[    0.226197] MDS: Mitigation: Clear CPU buffers
[    0.229843] Freeing SMP alternatives memory: 36K
[    0.236937] ftrace: allocating 32370 entries in 127 pages
[    0.292698] smpboot: APIC(0) Converting physical 0 to logical package 0
[    0.297484] smpboot: Max logical packages: 1
[    0.299046] x2apic enabled
[    0.300004] Switched APIC routing to physical x2apic.
[    0.302252] ..TIMER: vector=0x30 apic1=0 pin1=2 apic2=-1 pin2=-1
[    0.411694] smpboot: CPU0: Intel(R) Core(TM) i7-1068NG7 CPU @ 2.30GHz (family: 0x6, model: 0x7e, stepping: 0x5)
[    0.417087] Performance Events: unsupported p6 CPU model 126 no PMU driver, software events only.
[    0.448767] KVM setup paravirtual spinlock
[    0.451569] x86: Booting SMP configuration:
[    0.453496] .... node  #0, CPUs:      #1
[    0.455029] kvm-clock: cpu 1, msr 0:3ffe3041, secondary cpu clock
[    0.483172] mce: CPU supports 0 MCE banks
[    0.486718] x86: Booted up 1 node, 2 CPUs
[    0.489135] smpboot: Total of 2 processors activated (9215.99 BogoMIPS)
[    0.493389] devtmpfs: initialized
[    0.496220] evm: security.selinux
[    0.497035] evm: security.SMACK64
[    0.497843] evm: security.SMACK64EXEC
[    0.498809] evm: security.SMACK64TRANSMUTE
[    0.500401] evm: security.SMACK64MMAP
[    0.501283] evm: security.ima
[    0.502029] evm: security.capability
[    0.503170] clocksource: jiffies: mask: 0xffffffff max_cycles: 0xffffffff, max_idle_ns: 7645041785100000 ns
[    0.505292] futex hash table entries: 512 (order: 3, 32768 bytes)
[    0.506803] pinctrl core: initialized pinctrl subsystem
[    0.508873] RTC time:  4:10:14, date: 08/17/22
[    0.510626] NET: Registered protocol family 16
[    0.523979] cpuidle: using governor ladder
[    0.536767] cpuidle: using governor menu
[    0.539532] PCCT header not found.
[    0.541353] ACPI: bus type PCI registered
[    0.543240] acpiphp: ACPI Hot Plug PCI Controller Driver version: 0.5
[    0.546620] PCI: Using configuration type 1 for base access
[    0.561368] ACPI: Added _OSI(Module Device)
[    0.563669] ACPI: Added _OSI(Processor Device)
[    0.565660] ACPI: Added _OSI(3.0 _SCP Extensions)
[    0.567839] ACPI: Added _OSI(Processor Aggregator Device)
[    0.571441] ACPI: Executed 1 blocks of module-level executable AML code
[    0.576636] ACPI: Interpreter enabled
[    0.577938] ACPI: (supports S0 S5)
[    0.579189] ACPI: Using IOAPIC for interrupt routing
[    0.581189] PCI: Using host bridge windows from ACPI; if necessary, use "pci=nocrs" and report a bug
[    0.589302] ACPI: PCI Root Bridge [PCI0] (domain 0000 [bus 00-ff])
[    0.591159] acpi PNP0A03:00: _OSC: OS supports [ASPM ClockPM Segments MSI]
[    0.592959] acpi PNP0A03:00: _OSC: not requesting OS control; OS requires [ExtendedConfig ASPM ClockPM MSI]
[    0.595133] acpi PNP0A03:00: fail to add MMCONFIG information, can't access extended PCI configuration space under this bridge.
[    0.597939] PCI host bridge to bus 0000:00
[    0.598922] pci_bus 0000:00: root bus resource [io  0x0000-0x0cf7 window]
[    0.600382] pci_bus 0000:00: root bus resource [io  0x0d00-0xffff window]
[    0.601783] pci_bus 0000:00: root bus resource [mem 0x000a0000-0x000bffff window]
[    0.603537] pci_bus 0000:00: root bus resource [mem 0x40000000-0xfdffffff window]
[    0.605245] pci_bus 0000:00: root bus resource [bus 00-ff]
[    0.609087] pci 0000:00:01.1: legacy IDE quirk: reg 0x10: [io  0x01f0-0x01f7]
[    0.610610] pci 0000:00:01.1: legacy IDE quirk: reg 0x14: [io  0x03f6]
[    0.612035] pci 0000:00:01.1: legacy IDE quirk: reg 0x18: [io  0x0170-0x0177]
[    0.613512] pci 0000:00:01.1: legacy IDE quirk: reg 0x1c: [io  0x0376]
[    0.634276] pci 0000:00:07.0: quirk: [io  0x4000-0x403f] claimed by PIIX4 ACPI
[    0.636469] pci 0000:00:07.0: quirk: [io  0x4100-0x410f] claimed by PIIX4 SMB
[    0.646206] ACPI: PCI Interrupt Link [LNKA] (IRQs 5 9 10 *11)
[    0.648503] ACPI: PCI Interrupt Link [LNKB] (IRQs 5 9 *10 11)
[    0.650715] ACPI: PCI Interrupt Link [LNKC] (IRQs 5 *9 10 11)
[    0.652321] ACPI: PCI Interrupt Link [LNKD] (IRQs 5 9 10 *11)
[    0.654227] ACPI: Enabled 2 GPEs in block 00 to 07
[    0.656979] vgaarb: setting as boot device: PCI:0000:00:02.0
[    0.658184] vgaarb: device added: PCI:0000:00:02.0,decodes=io+mem,owns=io+mem,locks=none
[    0.660027] vgaarb: loaded
[    0.660794] vgaarb: bridge control possible 0000:00:02.0
[    0.662122] SCSI subsystem initialized
[    0.663161] ACPI: bus type USB registered
[    0.664102] usbcore: registered new interface driver usbfs
[    0.665295] usbcore: registered new interface driver hub
[    0.666452] usbcore: registered new device driver usb
[    0.667793] PCI: Using ACPI for IRQ routing
[    0.670196] NetLabel: Initializing
[    0.671037] NetLabel:  domain hash size = 128
[    0.672077] NetLabel:  protocols = UNLABELED CIPSOv4
[    0.673482] NetLabel:  unlabeled traffic allowed by default
[    0.674907] amd_nb: Cannot enumerate AMD northbridges
[    0.676149] clocksource: Switched to clocksource kvm-clock
[    0.684453] AppArmor: AppArmor Filesystem Enabled
[    0.685568] pnp: PnP ACPI init
[    0.687490] pnp: PnP ACPI: found 3 devices
[    0.695711] clocksource: acpi_pm: mask: 0xffffff max_cycles: 0xffffff, max_idle_ns: 2085701024 ns
[    0.698042] NET: Registered protocol family 2
[    0.699228] TCP established hash table entries: 8192 (order: 4, 65536 bytes)
[    0.700993] TCP bind hash table entries: 8192 (order: 5, 131072 bytes)
[    0.702407] TCP: Hash tables configured (established 8192 bind 8192)
[    0.703762] UDP hash table entries: 512 (order: 2, 16384 bytes)
[    0.705158] UDP-Lite hash table entries: 512 (order: 2, 16384 bytes)
[    0.707279] NET: Registered protocol family 1
[    0.708589] pci 0000:00:00.0: Limiting direct PCI/PCI transfers
[    0.710333] pci 0000:00:01.0: Activating ISA DMA hang workarounds
[    0.711857] Unpacking initramfs...
[    0.909269] Freeing initrd memory: 14884K
[    0.910975] clocksource: tsc: mask: 0xffffffffffffffff max_cycles: 0x2135f5e6f15, max_idle_ns: 440795231538 ns
[    0.914483] platform rtc_cmos: registered platform RTC device (no PNP device found)
[    0.916841] Scanning for low memory corruption every 60 seconds
[    0.919208] audit: initializing netlink subsys (disabled)
[    0.921084] audit: type=2000 audit(1660709421.702:1): initialized
[    0.923490] Initialise system trusted keyring
[    0.924765] HugeTLB registered 2 MB page size, pre-allocated 0 pages
[    0.927041] zbud: loaded
[    0.928005] VFS: Disk quotas dquot_6.6.0
[    0.929004] VFS: Dquot-cache hash table entries: 512 (order 0, 4096 bytes)
[    0.930651] squashfs: version 4.0 (2009/01/31) Phillip Lougher
[    0.932178] fuse init (API version 7.23)
[    0.933254] Key type big_key registered
[    0.934169] Allocating IMA MOK and blacklist keyrings.
[    0.935956] Key type asymmetric registered
[    0.937043] Asymmetric key parser 'x509' registered
[    0.938179] Block layer SCSI generic (bsg) driver version 0.4 loaded (major 249)
[    0.940209] io scheduler noop registered
[    0.941730] io scheduler deadline registered (default)
[    0.942998] io scheduler cfq registered
[    0.944015] pci_hotplug: PCI Hot Plug PCI Core version: 0.5
[    0.945308] pciehp: PCI Express Hot Plug Controller Driver version: 0.4
[    0.947187] ACPI: AC Adapter [AC] (on-line)
[    0.948214] input: Power Button as /devices/LNXSYSTM:00/LNXPWRBN:00/input/input0
[    0.950096] ACPI: Power Button [PWRF]
[    0.951088] input: Sleep Button as /devices/LNXSYSTM:00/LNXSLPBN:00/input/input1
[    0.953063] ACPI: Sleep Button [SLPF]
[    0.954205] GHES: HEST is not enabled!
[    0.955565] ACPI: Battery Slot [BAT0] (battery present)
[    0.956223] Serial: 8250/16550 driver, 32 ports, IRQ sharing enabled
[    0.977553] 00:02: ttyS0 at I/O 0x3f8 (irq = 4, base_baud = 115200) is a 16550A
[    0.980768] Linux agpgart interface v0.103
[    0.983642] loop: module loaded
[    0.984485] scsi host0: ata_piix
[    0.984539] scsi host1: ata_piix
[    0.984565] ata1: PATA max UDMA/33 cmd 0x1f0 ctl 0x3f6 bmdma 0xd000 irq 14
[    0.984566] ata2: PATA max UDMA/33 cmd 0x170 ctl 0x376 bmdma 0xd008 irq 15
[    0.984626] libphy: Fixed MDIO Bus: probed
[    0.984628] tun: Universal TUN/TAP device driver, 1.6
[    0.984628] tun: (C) 1999-2004 Max Krasnyansky <maxk@qualcomm.com>
[    0.984661] PPP generic driver version 2.4.2
[    0.984709] ehci_hcd: USB 2.0 'Enhanced' Host Controller (EHCI) Driver
[    0.984712] ehci-pci: EHCI PCI platform driver
[    0.984720] ehci-platform: EHCI generic platform driver
[    0.984726] ohci_hcd: USB 1.1 'Open' Host Controller (OHCI) Driver
[    0.984728] ohci-pci: OHCI PCI platform driver
[    0.984734] ohci-platform: OHCI generic platform driver
[    0.984739] uhci_hcd: USB Universal Host Controller Interface driver
[    0.984808] i8042: PNP: PS/2 Controller [PNP0303:PS2K,PNP0f03:PS2M] at 0x60,0x64 irq 1,12
[    0.985390] serio: i8042 KBD port at 0x60,0x64 irq 1
[    0.985395] serio: i8042 AUX port at 0x60,0x64 irq 12
[    0.985501] mousedev: PS/2 mouse device common for all mice
[    0.985807] input: AT Translated Set 2 keyboard as /devices/platform/i8042/serio0/input/input2
[    0.986253] rtc_cmos rtc_cmos: rtc core: registered rtc_cmos as rtc0
[    0.986379] rtc_cmos rtc_cmos: alarms up to one day, 114 bytes nvram
[    0.986385] i2c /dev entries driver
[    0.986426] device-mapper: uevent: version 1.0.3
[    0.986478] device-mapper: ioctl: 4.34.0-ioctl (2015-10-28) initialised: dm-devel@redhat.com
[    0.986496] ledtrig-cpu: registered to indicate activity on CPUs
[    0.986751] NET: Registered protocol family 10
[    0.986999] NET: Registered protocol family 17
[    0.987057] Key type dns_resolver registered
[    0.987332] registered taskstats version 1
[    0.987343] Loading compiled-in X.509 certificates
[    0.987924] Loaded X.509 cert 'Build time autogenerated kernel key: 516e255599dc793c39c72783e7b5301ff98d6a80'
[    0.987946] zswap: loaded using pool lzo/zbud
[    1.003019] Key type trusted registered
[    1.005909] Key type encrypted registered
[    1.005916] AppArmor: AppArmor sha1 policy hashing enabled
[    1.005919] ima: No TPM chip found, activating TPM-bypass!
[    1.006015] ima: Allocated hash algorithm: sha1
[    1.006031] evm: HMAC attrs: 0x1
[    1.006601]   Magic number: 2:328:161
[    1.006957] rtc_cmos rtc_cmos: setting system clock to 2022-08-17 04:10:14 UTC (1660709414)
[    1.007090] BIOS EDD facility v0.16 2004-Jun-25, 0 devices found
[    1.007091] EDD information not available.
[    1.238427] Freeing unused kernel memory: 1496K
[    2.216975] Write protecting the kernel read-only data: 14336k
[    2.221310] Freeing unused kernel memory: 1588K
[    2.223631] Freeing unused kernel memory: 52K
Loading, please wait...
starting version 229
[    2.238405] random: systemd-udevd: uninitialized urandom read (16 bytes read, 5 bits of entropy available)
[    2.238803] random: udevadm: uninitialized urandom read (16 bytes read, 5 bits of entropy available)
[    2.238835] random: udevadm: uninitialized urandom read (16 bytes read, 5 bits of entropy available)
[    2.245334] random: udevadm: uninitialized urandom read (16 bytes read, 5 bits of entropy available)
[    2.245389] random: udevadm: uninitialized urandom read (16 bytes read, 5 bits of entropy available)
[    2.245510] random: udevadm: uninitialized urandom read (16 bytes read, 5 bits of entropy available)
[    2.245565] random: udevadm: uninitialized urandom read (16 bytes read, 5 bits of entropy available)
[    2.245620] random: udevadm: uninitialized urandom read (16 bytes read, 5 bits of entropy available)
[    2.245675] random: udevadm: uninitialized urandom read (16 bytes read, 5 bits of entropy available)
[    2.245728] random: udevadm: uninitialized urandom read (16 bytes read, 5 bits of entropy available)
[    2.313631] e1000: Intel(R) PRO/1000 Network Driver - version 7.3.21-k8-NAPI
[    2.317511] e1000: Copyright (c) 1999-2006 Intel Corporation.
[    2.322481] Fusion MPT base driver 3.04.20
[    2.324737] Copyright (c) 1999-2008 LSI Corporation
[    2.331793] Fusion MPT SPI Host driver 3.04.20
[    2.339392] AVX2 version of gcm_enc/dec engaged.
[    2.342258] AES CTR mode by8 optimization enabled
[    2.525492] input: ImExPS/2 Generic Explorer Mouse as /devices/platform/i8042/serio1/input/input4
[    2.723143] e1000 0000:00:03.0 eth0: (PCI:33MHz:32-bit) 02:b5:11:9f:b1:da
[    2.725757] e1000 0000:00:03.0 eth0: Intel(R) PRO/1000 Network Connection
[    2.729017] mptbase: ioc0: Initiating bringup
[    2.793607] ioc0: LSI53C1030 A0: Capabilities={Initiator}
[    2.960234] scsi host2: ioc0: LSI53C1030 A0, FwRev=00000000h, Ports=1, MaxQ=256, IRQ=20
[    3.072647] scsi 2:0:0:0: Direct-Access     VBOX     HARDDISK         1.0  PQ: 0 ANSI: 5
[    3.076919] scsi target2:0:0: Beginning Domain Validation
[    3.081217] scsi target2:0:0: Domain Validation skipping write tests
[    3.082702] scsi target2:0:0: Ending Domain Validation
[    3.084104] scsi target2:0:0: asynchronous
[    3.086131] scsi 2:0:1:0: Direct-Access     VBOX     HARDDISK         1.0  PQ: 0 ANSI: 5
[    3.089000] scsi target2:0:1: Beginning Domain Validation
[    3.090909] scsi target2:0:1: Domain Validation skipping write tests
[    3.092252] scsi target2:0:1: Ending Domain Validation
[    3.093498] scsi target2:0:1: asynchronous
[    3.097833] sd 2:0:0:0: Attached scsi generic sg0 type 0
[    3.107110] sd 2:0:0:0: [sda] 83886080 512-byte logical blocks: (42.9 GB/40.0 GiB)
[    3.109860] sd 2:0:0:0: [sda] Write Protect is off
[    3.111102] sd 2:0:0:0: [sda] Incomplete mode parameter data
[    3.112482] sd 2:0:0:0: [sda] Assuming drive cache: write through
[    3.113858] sd 2:0:1:0: [sdb] 20480 512-byte logical blocks: (10.5 MB/10.0 MiB)
[    3.115738] sd 2:0:1:0: Attached scsi generic sg1 type 0
[    3.117141] sd 2:0:1:0: [sdb] Write Protect is off
[    3.118823] sd 2:0:1:0: [sdb] Incomplete mode parameter data
[    3.120202] sd 2:0:1:0: [sdb] Assuming drive cache: write through
[    3.122040]  sda: sda1
[    3.123584] sd 2:0:0:0: [sda] Attached SCSI disk
[    3.124831] sd 2:0:1:0: [sdb] Attached SCSI disk
[    3.482727] e1000 0000:00:08.0 eth1: (PCI:33MHz:32-bit) 08:00:27:fa:44:08
[    3.486157] e1000 0000:00:08.0 eth1: Intel(R) PRO/1000 Network Connection
[    3.491247] e1000 0000:00:03.0 enp0s3: renamed from eth0
[    3.500861] e1000 0000:00:08.0 enp0s8: renamed from eth1
Begin: Loading essential drivers ... [    4.788306] md: linear personality registered for level -1
[    4.792549] md: multipath personality registered for level -4
[    4.797094] md: raid0 personality registered for level 0
[    4.802261] md: raid1 personality registered for level 1
[    4.872223] raid6: sse2x1   gen() 12757 MB/s
[    4.941300] raid6: sse2x1   xor()  9249 MB/s
[    5.009729] raid6: sse2x2   gen() 17384 MB/s
[    5.076237] raid6: sse2x2   xor() 12428 MB/s
[    5.144331] raid6: sse2x4   gen() 18724 MB/s
[    5.212269] raid6: sse2x4   xor() 12278 MB/s
[    5.280428] raid6: avx2x1   gen() 24818 MB/s
[    5.348279] raid6: avx2x2   gen() 31704 MB/s
[    5.416268] raid6: avx2x4   gen() 28028 MB/s
[    5.417359] raid6: using algorithm avx2x2 gen() 31704 MB/s
[    5.418685] raid6: using avx2x2 recovery algorithm
[    5.420745] xor: automatically using best checksumming function:
[    5.460239]    avx       : 23736.000 MB/sec
[    5.463247] async_tx: api initialized (async)
[    5.473770] md: raid6 personality registered for level 6
[    5.475955] md: raid5 personality registered for level 5
[    5.477998] md: raid4 personality registered for level 4
[    5.484788] md: raid10 personality registered for level 10
done.
Begin: Running /scripts/init-premount ... done.
Begin: Mounting root file system ... Begin: Running /scripts/local-top ... done.
Begin: Running /scripts/local-premount ... [    5.512233] Btrfs loaded
Scanning for Btrfs filesystems
done.
Warning: fsck not present, so skipping root file system
[    5.532197] EXT4-fs (sda1): mounted filesystem with ordered data mode. Opts: (null)
done.
Begin: Running /scripts/local-bottom ... done.
Begin: Running /scripts/init-bottom ... done.
[    5.579487] systemd[1]: systemd 229 running in system mode. (+PAM +AUDIT +SELINUX +IMA +APPARMOR +SMACK +SYSVINIT +UTMP +LIBCRYPTSETUP +GCRYPT +GNUTLS +ACL +XZ -LZ4 +SECCOMP +BLKID +ELFUTILS +KMOD -IDN)
[    5.583937] systemd[1]: Detected virtualization oracle.
[    5.585243] systemd[1]: Detected architecture x86-64.

Welcome to [1mUbuntu 16.04.7 LTS[0m!

[    5.588279] systemd[1]: Set hostname to <ubuntu>.
[    5.590112] systemd[1]: Initializing machine ID from random generator.
[    5.591519] systemd[1]: Installed transient /etc/machine-id file.
[    5.680396] systemd[1]: Reached target System Time Synchronized.
[[0;32m  OK  [0m] Reached target System Time Synchronized.
[    5.682917] systemd[1]: Started Forward Password Requests to Wall Directory Watch.
[[0;32m  OK  [0m] Started Forward Password Requests to Wall Directory Watch.
[    5.686256] systemd[1]: Created slice User and Session Slice.
[[0;32m  OK  [0m] Created slice User and Session Slice.
[    5.688647] systemd[1]: Listening on Device-mapper event daemon FIFOs.
[[0;32m  OK  [0m] Listening on Device-mapper event daemon FIFOs.
[    5.691169] systemd[1]: Reached target Swap.
[[0;32m  OK  [0m] Reached target Swap.
[    5.692963] systemd[1]: Listening on LVM2 poll daemon socket.
[[0;32m  OK  [0m] Listening on LVM2 poll daemon socket.
[    5.695212] systemd[1]: Listening on Journal Socket (/dev/log).
[[0;32m  OK  [0m] Listening on Journal Socket (/dev/log).
[    5.697506] systemd[1]: Set up automount Arbitrary Executable File Formats File System Automount Point.
[[0;32m  OK  [0m] Set up automount Arbitrary Executab...ats File System Automount Point.
[    5.701082] systemd[1]: Listening on udev Control Socket.
[[0;32m  OK  [0m] Listening on udev Control Socket.
[    5.703222] systemd[1]: Reached target User and Group Name Lookups.
[[0;32m  OK  [0m] Reached target User and Group Name Lookups.
[    5.705705] systemd[1]: Started Trigger resolvconf update for networkd DNS.
[[0;32m  OK  [0m] Started Trigger resolvconf update for networkd DNS.
[    5.708123] systemd[1]: Reached target Encrypted Volumes.
[[0;32m  OK  [0m] Reached target Encrypted Volumes.
[    5.711718] systemd[1]: Listening on fsck to fsckd communication Socket.
[[0;32m  OK  [0m] Listening on fsck to fsckd communication Socket.
[    5.714457] systemd[1]: Listening on Journal Socket.
[[0;32m  OK  [0m] Listening on Journal Socket.
[    5.716845] systemd[1]: Created slice System Slice.
[[0;32m  OK  [0m] Created slice System Slice.
[    5.728895] systemd[1]: Mounting Debug File System...
         Mounting Debug File System...
[    5.732603] systemd[1]: Created slice system-serial\x2dgetty.slice.
[[0;32m  OK  [0m] Created slice system-serial\x2dgetty.slice.
[    5.735887] systemd[1]: Starting Set console keymap...
         Starting Set console keymap...
[    5.738547] systemd[1]: Starting File System Check on Root Device...
         Starting File System Check on Root Device...
[    5.743066] systemd[1]: Mounting Huge Pages File System...
         Mounting Huge Pages Fil[    5.746496] systemd[1]: Starting Nameserver information manager...
e System...
         Starting Nameserver information manager...
[    5.750489] systemd[1]: Starting Load Kernel Modules...
         Starting Load Kernel Modules...
[    5.752711] systemd[1]: Reached target Slices.
[[0;32m  OK  [0m] Reached target Slices.
[    5.755428] systemd[1]: Mounting POSIX Message Queue File System...
         Mounting POSIX Message Queue File System...
[    5.758392] systemd[1]: Starting Create list of required static device nodes for the current kernel...
         Starting Create list of required st... nodes for the current kernel...
[    5.763059] Loading iSCSI transport class v2.0-870.
[    5.768393] systemd[1]: Listening on udev Kernel Socket.
[[0;32m  OK  [0m] Listening on udev Kernel Socket.
[    5.771323] systemd[1]: Starting Uncomplicated firewall...
         Starting Uncomplicated firewall...
[    5.775020] iscsi: registered transport (tcp)
[    5.780412] systemd[1]: Listening on Journal Audit Socket.
[[0;32m  OK  [0m] Listening on Journal Audit Socket.
[    5.782959] systemd[1]: Listening on Syslog Socket.
[[0;32m  OK  [0m] Listening on Syslog Socket.
[    5.786330] systemd[1]: Listening on /dev/initctl Compatibility Named Pipe.
[[0;32m  OK  [0m] Listening on /dev/initctl Compatibility Named Pipe.
[    5.789103] systemd[1]: Listening on LVM2 metadata daemon socket.
[[0;32m  OK  [0m] Listening on LVM2 metadata daemon socket.
[    5.792736] systemd[1]: Starting Monitoring of LVM2 mirrors, snapshots etc. using dmeventd or progress polling...
         Starting Monitoring of LVM2 mirrors... dmeventd or progress polling...
[    5.797810] systemd[1]: Starting Journal Service...
         Starting Journal Service...
[    5.801797] systemd[1]: Mounted Huge Pages File System.
[[0;32m  OK  [0m] Mounted Huge Pages File System.
[    5.804284] systemd[1]: Mounted Debug File System.
[[0;32m  OK  [0m] Mounted Debug File System.
[    5.806710] systemd[1]: Mounted POSIX Message Queue File System.
[[0;32m  OK  [0m] Mounted POSIX Message Queue File System.
[    5.817055] systemd[1]: Started Set console keymap.
[[0;32m  OK  [0m] Started Set console keymap.
[    5.820546] systemd[1]: Started File System Check on Root Device.
[[0;32m  OK  [0m] Started File System Check on Root Device.
[    5.825675] iscsi: registered transport (iser)
[    5.833748] systemd[1]: Started Load Kernel Modules.
[[0;32m  OK  [0m] Started Load Kernel Modules.
[    5.841119] systemd[1]: Started Create list of required static device nodes for the current kernel.
[[0;32m  OK  [0m] Started Create list of required sta...ce nodes for the current kernel.
[    5.845931] systemd[1]: Started Uncomplicated firewall.
[[0;32m  OK  [0m] Started Uncomplicated firewall.
[    5.848751] systemd[1]: Started Nameserver information manager.
[[0;32m  OK  [0m] Started Nameserver information manager.
[    5.852759] systemd[1]: Started Journal Service.
[[0;32m  OK  [0m] Started Journal Service.
[[0;32m  OK  [0m] Started LVM2 metadata daemon.
[[0;32m  OK  [0m] Started File System Check Daemon to report status.
         Starting Create Static Device Nodes in /dev...
         Starting Apply Kernel Variables...
         Mounting FUSE Control File System...
         Starting Remount Root and Kernel File Systems...
[[0;32m  OK  [0m] Mounted FUSE Control File System.
[[0;32m  OK  [0m] Started Apply Kernel Variables.
[[0;32m  OK  [0m] Started Remount Root and Kernel File Systems.
         Starting Flush Journal to Persistent Storage...
         Starting Load/Save Random Seed...
         Starting udev Coldplug all Devices...
[[0;32m  OK  [0m] Started Create Static Device Nodes in /dev.
         Starting udev Kernel Device Manager...
[[0;32m  OK  [0m] Started Load/Save Random Seed.
[[0;32m  OK  [0m] Started Flush Journal to Persistent Storage.
[[0;32m  OK  [0m] Started udev Kernel Device Manager.
[[0;32m  OK  [0m] Started udev Coldplug all Devices.
[[0;32m  OK  [0m] Started Dispatch Password Requests to Console Directory Watch.
[[0;32m  OK  [0m] Found device /dev/ttyS0.
[[0;32m  OK  [0m] Listening on Load/Save RF Kill Switch Status /dev/rfkill Watch.
[[0;32m  OK  [0m] Started Monitoring of LVM2 mirrors,...ng dmeventd or progress polling.
[[0;32m  OK  [0m] Reached target Local File Systems (Pre).
[[0;32m  OK  [0m] Reached target Local File Systems.
         Starting Commit a transient machine-id on disk...
         Starting Tell Plymouth To Write Out Runtime Data...
         Starting LSB: AppArmor initialization...
         Starting Set console font and keymap...
         Starting Create Volatile Files and Directories...
         Starting Initial cloud-init job (pre-networking)...
[[0;32m  OK  [0m] Started Commit a transient machine-id on disk.
[[0;32m  OK  [0m] Started Tell Plymouth To Write Out Runtime Data.
[[0;32m  OK  [0m] Started Create Volatile Files and Directories.
         Starting Update UTMP about System Boot/Shutdown...
[[0;32m  OK  [0m] Started Update UTMP about System Boot/Shutdown.
[[0;32m  OK  [0m] Started Set console font and keymap.
[[0;32m  OK  [0m] Created slice system-getty.slice.
[[0;32m  OK  [0m] Started LSB: AppArmor initialization.
         Starting Load AppArmor profiles managed internally by snapd...
[[0;32m  OK  [0m] Started Load AppArmor profiles managed internally by snapd.
[    7.151597] cloud-init[664]: Cloud-init v. 20.4.1-0ubuntu1~16.04.1 running 'init-local' at Wed, 17 Aug 2022 04:10:20 +0000. Up 6.92 seconds.
[[0;32m  OK  [0m] Started Initial cloud-init job (pre-networking).
[[0;32m  OK  [0m] Reached target Network (Pre).
         Starting Raise network interfaces...
[[0;32m  OK  [0m] Started Raise network interfaces.
[[0;32m  OK  [0m] Reached target Network.
         Starting Initial cloud-init job (metadata service crawler)...
[    7.984364] cloud-init[964]: Cloud-init v. 20.4.1-0ubuntu1~16.04.1 running 'init' at Wed, 17 Aug 2022 04:10:21 +0000. Up 7.62 seconds.
[    7.996371] cloud-init[964]: ci-info: ++++++++++++++++++++++++++++++++++++++Net device info+++++++++++++++++++++++++++++++++++++++
[    7.998374] cloud-init[964]: ci-info: +--------+-------+----------------------------+---------------+--------+-------------------+
[    8.008372] cloud-init[964]: ci-info: | Device |   Up  |          Address           |      Mask     | Scope  |     Hw-Address    |
[    8.016449] cloud-init[964]: ci-info: +--------+-------+----------------------------+---------------+--------+-------------------+
[    8.018543] cloud-init[964]: ci-info: | enp0s3 |  True |         10.0.2.15          | 255.255.255.0 | global | 02:b5:11:9f:b1:da |
[    8.020602] cloud-init[964]: ci-info: | enp0s3 |  True | fe80::b5:11ff:fe9f:b1da/64 |       .       |  link  | 02:b5:11:9f:b1:da |
[    8.022802] cloud-init[964]: ci-info: | enp0s8 | False |             .              |       .       |   .    | 08:00:27:fa:44:08 |
[    8.025116] cloud-init[964]: ci-info: |   lo   |  True |         127.0.0.1          |   255.0.0.0   |  host  |         .         |
[    8.027438] cloud-init[964]: ci-info: |   lo   |  True |          ::1/128           |       .       |  host  |         .         |
[    8.030268] cloud-init[964]: ci-info: +--------+-------+----------------------------+---------------+--------+-------------------+
[    8.036622] cloud-init[964]: ci-info: +++++++++++++++++++++++++++Route IPv4 info++++++++++++++++++++++++++++
[[0;32m  OK  [0m] Started Initial cloud-init job (metadata service crawler).
[    8.036847] cloud-init[964]: ci-info: +-------+-------------+----------+---------------+-----------+-------+
[    8.040887] cloud-init[964]: ci-info: | Route | Destination | Gateway  |    Genmask    | Interface | Flags |
[    8.041075] cloud-init[964]: ci-info: +-------+-------------+----------+---------------+-----------+-------+
[    8.041678] cloud-init[964]: ci-info: |   0   |   0.0.0.0   | 10.0.2.2 |    0.0.0.0    |   enp0s3  |   UG  |
[    8.042274] cloud-init[964]: ci-info: |   1   |   10.0.2.0  | 0.0.0.0  | 255.255.255.0 |   enp0s3  |   U   |
[    8.042896] cloud-init[964]: ci-info: +-------+-------------+----------+---------------+-----------+-------+
[    8.043664] cloud-init[964]: ci-info: +++++++++++++++++++Route IPv6 info+++++++++++++++++++
[    8.043894] cloud-init[964]: ci-info: +-------+-------------+---------+-----------+-------+
[    8.044775] cloud-init[964]: ci-info: | Route | Destination | Gateway | Interface | Flags |
[    8.045551] cloud-init[964]: ci-info: +-------+-------------+---------+-----------+-------+
[    8.046337] cloud-init[964]: ci-info: |   0   |  fe80::/64  |    ::   |   enp0s3  |   U   |
[    8.047127] cloud-init[964]: ci-info: |   3   |   ff00::/8  |    ::   |   enp0s3  |   U   |
[    8.047905] cloud-init[964]: ci-info: +-------+-------------+---------+-----------+-------+
[    8.048707] cloud-init[964]: Generating public/private rsa key pair.
[    8.049483] cloud-init[964]: Your identification has been saved in /etc/ssh/ssh_host_rsa_key.
[    8.050267] cloud-init[964]: Your public key has been saved in /etc/ssh/ssh_host_rsa_key.pub.
[    8.051105] cloud-init[964]: The key fingerprint is:
[[0;32m  OK  [0m] Reached target System Initialization.
[    8.051376] cloud-init[964]: SHA256:mH7JmkUZbO9EYGjzpz69idqakBjD6AuUT/T4Z6ecm+g root@ubuntu-xenial
[    8.062171] cloud-init[964]: The key's randomart image is:
[    8.062342] cloud-init[964]: +---[RSA 2048]----+
[    8.063106] cloud-init[964]: |       .o        |
[    8.063685] cloud-init[964]: |      +o .       |
[    8.064683] cloud-init[964]: |   . . o+ .      |
[    8.065053] cloud-init[964]: | oo o  +.=.      |
[    8.065648] cloud-init[964]: |.o+o .o Soo      |
[    8.066491] cloud-init[964]: |o o+.o o.+       |
[    8.067165] cloud-init[964]: |....o..+=o.      |
[    8.067231] cloud-init[964]: |. .  .=BB...     |
[    8.069201] cloud-init[964]: | .  .E*O+.o.     |
[    8.069877] cloud-init[964]: +----[SHA256]-----+
[    8.071257] cloud-init[964]: Generating public/private dsa key pair.
[    8.072627] cloud-init[964]: Your identification has been saved in /etc/ssh/ssh_host_dsa_key.
[[0;32m  OK  [0m] Listening on ACPID Listen Socket.
[    8.073156] cloud-init[964]: Your public key has been saved in /etc/ssh/ssh_host_dsa_key.pub.
[    8.077205] cloud-init[964]: The key fingerprint is:
[    8.077366] cloud-init[964]: SHA256:Vc4VuqMJli9pxk9qoFPLwBUftg7ZPE+6YhQBMieJJl8 root@ubuntu-xenial
[    8.077670] cloud-init[964]: The key's randomart image is:
[    8.078297] cloud-init[964]: +---[DSA 1024]----+
[    8.078865] cloud-init[964]: | .+.o.      . o. |
[    8.079458] cloud-init[964]: |o..=E o o  + o   |
[    8.080284] cloud-init[964]: |o. .   O o. +    |
[    8.080878] cloud-init[964]: |  .   = *o.  .   |
[    8.081660] cloud-init[964]: |   . . +S=  o    |
[    8.082208] cloud-init[964]: |    o +oo+.o .   |
[    8.082797] cloud-init[964]: |     * o*.=      |
[    8.083755] cloud-init[964]: |    o =oo=       |
[    8.084753] cloud-init[964]: |     o o. .      |
[    8.085546] cloud-init[964]: +----[SHA256]-----+
[    8.086324] cloud-init[964]: Generating public/private ecdsa key pair.
[    8.087112] cloud-init[964]: Your identification has been saved in /etc/ssh/ssh_host_ecdsa_key.
[    8.087879] cloud-init[964]: Your public key has been saved in /etc/ssh/ssh_host_ecdsa_key.pub.
[    8.088621] cloud-init[964]: The key fingerprint is:
[    8.089441] cloud-init[964]: SHA256:PXt4UdJns2B0fgt7bh8FgJxAgWPaJZcLcNTVgV3LvNQ root@ubuntu-xenial
[    8.089925] cloud-init[964]: The key's randomart image is:
[    8.091519] cloud-init[964]: +---[ECDSA 256]---+
[    8.092415] cloud-init[964]: |    .oo++*.*o+.. |
[    8.093196] cloud-init[964]: |     .* = = +=oo |
[    8.093833] cloud-init[964]: |     + * .  .+OoE|
[    8.094623] cloud-init[964]: |    . . ..  .++==|
[    8.095393] cloud-init[964]: |        S o ...+.|
[    8.096394] cloud-init[964]: |           + .o .|
[    8.097167] cloud-init[964]: |          o o  + |
[    8.097957] cloud-init[964]: |           o  . o|
[    8.098753] cloud-init[964]: |                .|
[    8.099641] cloud-init[964]: +----[SHA256]-----+
[    8.100632] cloud-init[964]: Generating public/private ed25519 key pair.
[    8.101409] cloud-init[964]: Your identification has been saved in /etc/ssh/ssh_host_ed25519_key.
[    8.102195] cloud-init[964]: Your public key has been saved in /etc/ssh/ssh_host_ed25519_key.pub.
[    8.103009] cloud-init[964]: The key fingerprint is:
[    8.103827] cloud-init[964]: SHA256:SlLdoEKqL//aVFYHylq8zomarA6sx9QLNo4bnG/XyNE root@ubuntu-xenial
[    8.104481] cloud-init[964]: The key's randomart image is:
[    8.105311] cloud-init[964]: +--[ED25519 256]--+
[    8.105900] cloud-init[964]: |    .   o        |
[    8.106685] cloud-init[964]: |   o o + +       |
[    8.107902] cloud-init[964]: |  . . B o o      |
[    8.108513] cloud-init[964]: | .   = o .       |
[    8.109098] cloud-init[964]: |.  .o * S        |
[    8.109688] cloud-init[964]: |o.* .X E         |
[    8.110472] cloud-init[964]: |+X.o+.O          |
[    8.111056] cloud-init[964]: |+==*.+ .         |
[    8.111648] cloud-init[964]: |==B++            |
[    8.112104] cloud-init[964]: +----[SHA256]-----+
         Starting Socket activation for snappy daemon.
[[0;32m  OK  [0m] Started Daily apt download activities.
[[0;32m  OK  [0m] Listening on UUID daemon activation socket.
         Starting LXD - unix socket.
[[0;32m  OK  [0m] Started Message of the Day.
[[0;32m  OK  [0m] Started ACPI Events Check.
[[0;32m  OK  [0m] Reached target Paths.
[[0;32m  OK  [0m] Started Daily Cleanup of Temporary Directories.
[[0;32m  OK  [0m] Listening on D-Bus System Message Bus Socket.
[[0;32m  OK  [0m] Started Daily apt upgrade and clean activities.
[[0;32m  OK  [0m] Reached target Timers.
[[0;32m  OK  [0m] Reached target Cloud-config availability.
[[0;32m  OK  [0m] Reached target Network is Online.
         Starting iSCSI initiator daemon (iscsid)...
[[0;32m  OK  [0m] Listening on Socket activation for snappy daemon.
[[0;32m  OK  [0m] Listening on LXD - unix socket.
[[0;32m  OK  [0m] Reached target Sockets.
[[0;32m  OK  [0m] Reached target Basic System.
         Starting LSB: MD monitoring daemon...
[[0;32m  OK  [0m] Started D-Bus System Message Bus.
         Starting /etc/rc.local Compatibility...
[[0;32m  OK  [0m] Started Deferred execution scheduler.
[[0;32m  OK  [0m] Started ACPI event daemon.
         Starting LXD - container startup/shutdown...
         Starting Login Service...
         Starting Virtualbox guest utils...
         Starting LSB: Record successful boot for GRUB...
         Starting Accounts Service...
[[0;32m  OK  [0m] Started FUSE filesystem for LXC.
         Starting System Logging Service...
         Starting Pollinate to seed the pseudo random number generator...
         Starting Snap Daemon...
[[0;32m  OK  [0m] Started Regular background program processing daemon.
[[0;32m  OK  [0m] Started System Logging Service.
[[0;32m  OK  [0m] Started /etc/rc.local Compatibility.
[[0;32m  OK  [0m] Started LXD - container startup/shutdown.
[[0;32m  OK  [0m] Started iSCSI initiator daemon (iscsid).
[[0;32m  OK  [0m] Started Login Service.
[[0;32m  OK  [0m] Started Unattended Upgrades Shutdown.
         Starting Authenticate and Authorize Users to Run Privileged Tasks...
         Starting Login to default iSCSI targets...
[[0;32m  OK  [0m] Started LSB: MD monitoring daemon.
[[0;32m  OK  [0m] Started LSB: Record successful boot for GRUB.
[[0;32m  OK  [0m] Started Login to default iSCSI targets.
[[0;32m  OK  [0m] Reached target Remote File Systems (Pre).
[[0;32m  OK  [0m] Reached target Remote File Systems.
         Starting Permit User Sessions...
         Starting LSB: daemon to balance interrupts for SMP systems...
         Starting LSB: automatic crash report generation...
         Starting LSB: Set the CPU Frequency Scaling governor to "ondemand"...
[[0;32m  OK  [0m] Started Permit User Sessions.
         Starting Terminate Plymouth Boot Screen...
         Starting Hold until boot process finishes up...
[[0;32m  OK  [0m] Started Hold until boot process finishes up.
         Starting Set console scheme...
[[0;32m  OK  [0m] Started Getty on tty1.
[[0;32m  OK  [0m] Started Serial Getty on ttyS0.
[[0;32m  OK  [0m] Reached target Login Prompts.
[[0;32m  OK  [0m] Started Terminate Plymouth Boot Screen.
[[0;32m  OK  [0m] Started Set console scheme.
[[0;32m  OK  [0m] Started Authenticate and Authorize Users to Run Privileged Tasks.
[[0;32m  OK  [0m] Started Accounts Service.
[[0;32m  OK  [0m] Started LSB: Set the CPU Frequency Scaling governor to "ondemand".
[[0;32m  OK  [0m] Started LSB: automatic crash report generation.
[[0;32m  OK  [0m] Started LSB: daemon to balance interrupts for SMP systems.
[[0;32m  OK  [0m] Started Virtualbox guest utils.
[[0;32m  OK  [0m] Started Snap Daemon.
         Starting Wait until snapd is fully seeded...
[[0;32m  OK  [0m] Started Pollinate to seed the pseudo random number generator.
         Starting OpenBSD Secure Shell server...
[[0;32m  OK  [0m] Started OpenBSD Secure Shell server.
[[0;32m  OK  [0m] Started Wait until snapd is fully seeded.
         Starting Apply the settings specified in cloud-config...
[[0;32m  OK  [0m] Reached target Multi-User System.
[[0;32m  OK  [0m] Reached target Graphical Interface.
         Starting Update UTMP about System Runlevel Changes...
[[0;32m  OK  [0m] Started Update UTMP about System Runlevel Changes.
[[0;32m  OK  [0m] Created slice User Slice of vagrant.
         Starting User Manager for UID 1000...
[[0;32m  OK  [0m] Started Session 1 of user vagrant.
[[0;32m  OK  [0m] Started User Manager for UID 1000.
[    9.968404] cloud-init[1309]: Generating locales (this might take a while)...
[   10.603130] cloud-init[1309]:   en_US.UTF-8... done
[   10.612605] cloud-init[1309]: Generation complete.
[   10.877162] cloud-init[1309]: Cloud-init v. 20.4.1-0ubuntu1~16.04.1 running 'modules:config' at Wed, 17 Aug 2022 04:10:23 +0000. Up 9.89 seconds.
[[0;32m  OK  [0m] Started Apply the settings specified in cloud-config.
         Starting Execute cloud user/final scripts...
ci-info: no authorized SSH keys fingerprints found for user ubuntu.
<14>Aug 17 04:10:24 ec2: 
<14>Aug 17 04:10:24 ec2: #############################################################
<14>Aug 17 04:10:24 ec2: -----BEGIN SSH HOST KEY FINGERPRINTS-----
<14>Aug 17 04:10:24 ec2: 1024 SHA256:Vc4VuqMJli9pxk9qoFPLwBUftg7ZPE+6YhQBMieJJl8 root@ubuntu-xenial (DSA)
<14>Aug 17 04:10:24 ec2: 256 SHA256:PXt4UdJns2B0fgt7bh8FgJxAgWPaJZcLcNTVgV3LvNQ root@ubuntu-xenial (ECDSA)
<14>Aug 17 04:10:24 ec2: 256 SHA256:SlLdoEKqL//aVFYHylq8zomarA6sx9QLNo4bnG/XyNE root@ubuntu-xenial (ED25519)
<14>Aug 17 04:10:24 ec2: 2048 SHA256:mH7JmkUZbO9EYGjzpz69idqakBjD6AuUT/T4Z6ecm+g root@ubuntu-xenial (RSA)
<14>Aug 17 04:10:24 ec2: -----END SSH HOST KEY FINGERPRINTS-----
<14>Aug 17 04:10:24 ec2: #############################################################
-----BEGIN SSH HOST KEY KEYS-----
ecdsa-sha2-nistp256 AAAAE2VjZHNhLXNoYTItbmlzdHAyNTYAAAAIbmlzdHAyNTYAAABBBCnUNoaQ3q8b+gzRy6XNjEF38v1x9KtSZzW1ERKhcgoF4l17kizUvJinaf8ffV3r6/PArrRtRVHSU7K1N47a/qU= root@ubuntu-xenial
ssh-ed25519 AAAAC3NzaC1lZDI1NTE5AAAAICkQyisphz6tWkMboSrnsihbz3ywy9cXvX598XI06Dnk root@ubuntu-xenial
ssh-rsa AAAAB3NzaC1yc2EAAAADAQABAAABAQDI8Y0tXKgXPgoEMjDU274ztRufmukY9Jh+pBeoQScIyvJ0Do61/vTlrqrxwL3Rt6IuW9937eyLGjmku5weRfzmCh1+T3hXjgqiawqhIIVaB/8ubGKcTvDsYvgZR7TWCci8SJ8vU4+hh2AJAvrgwRzLN8Sz1in/k70T2McX2rtBz+Qp3zmj8IXzTtsKHdoB/DM9G8eveaG2D+Y69nDdyWWxjGqz2QhMx7xDXX3oJ09ycZbVTRs3+POeApYrlAXxI21MvmfPE6hZy/dRmYuCQ5JgqwPzU+DMhU7Z4/QQNiZOUjpaSe6S+XVvSWA1pgRoqIlxU/poE9LzYmzHw3MDA4ON root@ubuntu-xenial
-----END SSH HOST KEY KEYS-----
[   11.271998] cloud-init[1498]: Cloud-init v. 20.4.1-0ubuntu1~16.04.1 running 'modules:final' at Wed, 17 Aug 2022 04:10:24 +0000. Up 11.14 seconds.
[   11.280656] cloud-init[1498]: ci-info: no authorized SSH keys fingerprints found for user ubuntu.
[   11.282406] cloud-init[1498]: Cloud-init v. 20.4.1-0ubuntu1~16.04.1 finished at Wed, 17 Aug 2022 04:10:24 +0000. Datasource DataSourceNoCloud [seed=/dev/sdb][dsmode=net].  Up 11.26 seconds
         Stopping User Manager for UID 1000...
[[0;32m  OK  [0m] Started Execute cloud user/final scripts.
[[0;32m  OK  [0m] Stopped User Manager for UID 1000.
[[0;32m  OK  [0m] Removed slice User Slice of vagrant.
[[0;32m  OK  [0m] Reached target Cloud-init target.

Ubuntu 16.04.7 LTS master ttyS0

master login: 